###############################################################################
#
# IAR ELF Linker V8.40.1.212/W32 for ARM                  10/Jun/2020  20:30:31
# Copyright 2007-2019 IAR Systems AB.
#
#    Output file  =
#        D:\GIT\KURSACH_SIR_F103_OLED\EWARM\KURSACH_SIR_F100\Exe\KURSACH_SIR_F100.out
#    Map file     =
#        D:\GIT\KURSACH_SIR_F103_OLED\EWARM\KURSACH_SIR_F100\List\KURSACH_SIR_F100.map
#    Command line =
#        -f C:\Users\MZ\AppData\Local\Temp\EWFF29.tmp
#        (D:\GIT\KURSACH_SIR_F103_OLED\EWARM\KURSACH_SIR_F100\Obj\global.o
#        D:\GIT\KURSACH_SIR_F103_OLED\EWARM\KURSACH_SIR_F100\Obj\hd44780.o
#        D:\GIT\KURSACH_SIR_F103_OLED\EWARM\KURSACH_SIR_F100\Obj\main.o
#        D:\GIT\KURSACH_SIR_F103_OLED\EWARM\KURSACH_SIR_F100\Obj\startup_stm32f100xb.o
#        D:\GIT\KURSACH_SIR_F103_OLED\EWARM\KURSACH_SIR_F100\Obj\stm32f1xx_hal.o
#        D:\GIT\KURSACH_SIR_F103_OLED\EWARM\KURSACH_SIR_F100\Obj\stm32f1xx_hal_cortex.o
#        D:\GIT\KURSACH_SIR_F103_OLED\EWARM\KURSACH_SIR_F100\Obj\stm32f1xx_hal_dma.o
#        D:\GIT\KURSACH_SIR_F103_OLED\EWARM\KURSACH_SIR_F100\Obj\stm32f1xx_hal_flash.o
#        D:\GIT\KURSACH_SIR_F103_OLED\EWARM\KURSACH_SIR_F100\Obj\stm32f1xx_hal_flash_ex.o
#        D:\GIT\KURSACH_SIR_F103_OLED\EWARM\KURSACH_SIR_F100\Obj\stm32f1xx_hal_gpio.o
#        D:\GIT\KURSACH_SIR_F103_OLED\EWARM\KURSACH_SIR_F100\Obj\stm32f1xx_hal_gpio_ex.o
#        D:\GIT\KURSACH_SIR_F103_OLED\EWARM\KURSACH_SIR_F100\Obj\stm32f1xx_hal_msp.o
#        D:\GIT\KURSACH_SIR_F103_OLED\EWARM\KURSACH_SIR_F100\Obj\stm32f1xx_hal_pwr.o
#        D:\GIT\KURSACH_SIR_F103_OLED\EWARM\KURSACH_SIR_F100\Obj\stm32f1xx_hal_rcc.o
#        D:\GIT\KURSACH_SIR_F103_OLED\EWARM\KURSACH_SIR_F100\Obj\stm32f1xx_hal_rcc_ex.o
#        D:\GIT\KURSACH_SIR_F103_OLED\EWARM\KURSACH_SIR_F100\Obj\stm32f1xx_hal_tim.o
#        D:\GIT\KURSACH_SIR_F103_OLED\EWARM\KURSACH_SIR_F100\Obj\stm32f1xx_hal_tim_ex.o
#        D:\GIT\KURSACH_SIR_F103_OLED\EWARM\KURSACH_SIR_F100\Obj\stm32f1xx_it.o
#        D:\GIT\KURSACH_SIR_F103_OLED\EWARM\KURSACH_SIR_F100\Obj\stm32f1xx_ll_dma.o
#        D:\GIT\KURSACH_SIR_F103_OLED\EWARM\KURSACH_SIR_F100\Obj\stm32f1xx_ll_exti.o
#        D:\GIT\KURSACH_SIR_F103_OLED\EWARM\KURSACH_SIR_F100\Obj\stm32f1xx_ll_gpio.o
#        D:\GIT\KURSACH_SIR_F103_OLED\EWARM\KURSACH_SIR_F100\Obj\stm32f1xx_ll_rcc.o
#        D:\GIT\KURSACH_SIR_F103_OLED\EWARM\KURSACH_SIR_F100\Obj\stm32f1xx_ll_tim.o
#        D:\GIT\KURSACH_SIR_F103_OLED\EWARM\KURSACH_SIR_F100\Obj\stm32f1xx_ll_utils.o
#        D:\GIT\KURSACH_SIR_F103_OLED\EWARM\KURSACH_SIR_F100\Obj\system_stm32f1xx.o
#        --redirect _Printf=_PrintfFull --redirect _Scanf=_ScanfFull
#        --no_out_extension -o
#        D:\GIT\KURSACH_SIR_F103_OLED\EWARM\KURSACH_SIR_F100\Exe\KURSACH_SIR_F100.out
#        --map
#        D:\GIT\KURSACH_SIR_F103_OLED\EWARM\KURSACH_SIR_F100\List\KURSACH_SIR_F100.map
#        --config D:\GIT\KURSACH_SIR_F103_OLED\EWARM/stm32f100xb_flash.icf
#        --semihosting --entry __iar_program_start --vfe --text_out locale)
#
###############################################################################

*******************************************************************************
*** RUNTIME MODEL ATTRIBUTES
***

CppFlavor       = *
__SystemLibrary = DLib
__dlib_version  = 6


*******************************************************************************
*** HEAP SELECTION
***

The basic heap was selected because no calls to memory allocation
functions were found in the application outside of system library
functions, and there are calls to deallocation functions in the
application.


*******************************************************************************
*** PLACEMENT SUMMARY
***

"A0":  place at address 0x800'0000 { ro section .intvec };
"P1":  place in [from 0x800'0000 to 0x801'ffff] { ro };
define block CSTACK with size = 1K, alignment = 8 { };
define block HEAP with size = 512, alignment = 8 { };
"P2":  place in [from 0x2000'0000 to 0x2000'1fff] {
          rw, block CSTACK, block HEAP };
initialize by copy { rw };

  Section            Kind         Address   Size  Object
  -------            ----         -------   ----  ------
"A0":                                      0x120
  .intvec            ro code   0x800'0000  0x120  startup_stm32f100xb.o [1]
                             - 0x800'0120  0x120

"P1":                                      0xe4b
  .text              ro code   0x800'0120  0x368  main.o [1]
  .text              ro code   0x800'0488   0x16  stm32f1xx_hal.o [1]
  .text              ro code   0x800'049e   0x14  memset.o [4]
  .text              ro code   0x800'04b4  0x1cc  stm32f1xx_hal_gpio.o [1]
  .text              ro code   0x800'0680   0x94  stm32f1xx_ll_tim.o [1]
  .text              ro code   0x800'0714  0x25a  hd44780.o [1]
  .text              ro code   0x800'0970   0x28  stm32f1xx_ll_utils.o [1]
  .text              ro code   0x800'0998   0xac  stm32f1xx_hal_cortex.o [1]
  .text              ro code   0x800'0a44   0x40  stm32f1xx_hal.o [1]
  .text              ro code   0x800'0a84   0x44  stm32f1xx_hal_msp.o [1]
  .text              ro code   0x800'0ac8   0x66  ABImemset.o [4]
  .text              ro code   0x800'0b30  0x25c  stm32f1xx_it.o [1]
  .text              ro code   0x800'0d8c   0x10  stm32f1xx_hal.o [1]
  .text              ro code   0x800'0d9c   0x50  system_stm32f1xx.o [1]
  .text              ro code   0x800'0dec   0x38  packbits_init_single.o [4]
  .text              ro code   0x800'0e24   0x28  data_init.o [4]
  .iar.init_table    const     0x800'0e4c   0x10  - Linker created -
  .text              ro code   0x800'0e5c   0x1e  cmain.o [4]
  .text              ro code   0x800'0e7a    0x4  low_level_init.o [2]
  .text              ro code   0x800'0e7e    0x4  exit.o [2]
  .text              ro code   0x800'0e84    0xa  cexit.o [4]
  .text              ro code   0x800'0e90   0x14  exit.o [5]
  .text              ro code   0x800'0ea4   0x10  startup_stm32f100xb.o [1]
  .text              ro code   0x800'0eb4    0xc  cstartup_M.o [4]
  .text              ro code   0x800'0ec0    0x4  startup_stm32f100xb.o [1]
  .text              ro code   0x800'0ec4    0x4  startup_stm32f100xb.o [1]
  .text              ro code   0x800'0ec8    0x4  startup_stm32f100xb.o [1]
  .text              ro code   0x800'0ecc    0x4  startup_stm32f100xb.o [1]
  .text              ro code   0x800'0ed0    0x4  startup_stm32f100xb.o [1]
  .text              ro code   0x800'0ed4    0x4  startup_stm32f100xb.o [1]
  .text              ro code   0x800'0ed8    0x4  startup_stm32f100xb.o [1]
  .text              ro code   0x800'0edc    0x4  startup_stm32f100xb.o [1]
  .text              ro code   0x800'0ee0    0x4  startup_stm32f100xb.o [1]
  .text              ro code   0x800'0ee4    0x4  startup_stm32f100xb.o [1]
  .text              ro code   0x800'0ee8    0x4  startup_stm32f100xb.o [1]
  .text              ro code   0x800'0eec    0x4  startup_stm32f100xb.o [1]
  .text              ro code   0x800'0ef0    0x4  startup_stm32f100xb.o [1]
  .text              ro code   0x800'0ef4    0x4  startup_stm32f100xb.o [1]
  .text              ro code   0x800'0ef8    0x4  startup_stm32f100xb.o [1]
  .text              ro code   0x800'0efc    0x4  startup_stm32f100xb.o [1]
  .text              ro code   0x800'0f00    0x4  startup_stm32f100xb.o [1]
  .text              ro code   0x800'0f04    0x4  startup_stm32f100xb.o [1]
  .text              ro code   0x800'0f08    0x4  startup_stm32f100xb.o [1]
  .text              ro code   0x800'0f0c    0x4  startup_stm32f100xb.o [1]
  .text              ro code   0x800'0f10    0x4  startup_stm32f100xb.o [1]
  .text              ro code   0x800'0f14    0x4  startup_stm32f100xb.o [1]
  .text              ro code   0x800'0f18    0x4  startup_stm32f100xb.o [1]
  .text              ro code   0x800'0f1c    0x4  startup_stm32f100xb.o [1]
  .text              ro code   0x800'0f20    0x4  startup_stm32f100xb.o [1]
  .text              ro code   0x800'0f24    0x4  startup_stm32f100xb.o [1]
  .text              ro code   0x800'0f28    0x4  startup_stm32f100xb.o [1]
  .text              ro code   0x800'0f2c    0x4  startup_stm32f100xb.o [1]
  .text              ro code   0x800'0f30    0x4  startup_stm32f100xb.o [1]
  .text              ro code   0x800'0f34    0x4  startup_stm32f100xb.o [1]
  .text              ro code   0x800'0f38    0x4  startup_stm32f100xb.o [1]
  .text              ro code   0x800'0f3c    0x4  startup_stm32f100xb.o [1]
  .text              ro code   0x800'0f40    0x4  startup_stm32f100xb.o [1]
  .text              ro code   0x800'0f44    0x4  startup_stm32f100xb.o [1]
  .text              ro code   0x800'0f48    0x4  startup_stm32f100xb.o [1]
  .text              ro code   0x800'0f4c    0x4  startup_stm32f100xb.o [1]
  .text              ro code   0x800'0f50    0x4  startup_stm32f100xb.o [1]
  .text              ro code   0x800'0f54    0x4  startup_stm32f100xb.o [1]
  .rodata            const     0x800'0f58    0x0  packbits_init_single.o [4]
  Initializer bytes  const     0x800'0f58   0x13  <for P2-1>
                             - 0x800'0f6b  0xe4b

"P2", part 1 of 2:                          0x21
  P2-1                        0x2000'0000   0x21  <Init block>
    .data            inited   0x2000'0000    0xc  stm32f1xx_hal.o [1]
    .data            inited   0x2000'000c    0x4  system_stm32f1xx.o [1]
    .data            inited   0x2000'0010    0x2  global.o [1]
    .data            inited   0x2000'0012    0x2  global.o [1]
    .bss             inited   0x2000'0014    0x2  global.o [1]
    .bss             inited   0x2000'0016    0x2  global.o [1]
    .bss             inited   0x2000'0018    0x2  global.o [1]
    .bss             inited   0x2000'001a    0x2  global.o [1]
    .bss             inited   0x2000'001c    0x2  global.o [1]
    .bss             inited   0x2000'001e    0x2  global.o [1]
    .data            inited   0x2000'0020    0x1  global.o [1]
                            - 0x2000'0021   0x21

"P2", part 2 of 2:                         0x400
  CSTACK                      0x2000'0028  0x400  <Block>
    CSTACK           uninit   0x2000'0028  0x400  <Block tail>
                            - 0x2000'0428  0x400

Unused ranges:

         From           To      Size
         ----           --      ----
   0x800'0f6b   0x801'ffff  0x1'f095
  0x2000'0021  0x2000'0027       0x7
  0x2000'0428  0x2000'1fff    0x1bd8


*******************************************************************************
*** INIT TABLE
***

          Address      Size
          -------      ----
Copy/packbits (__iar_packbits_init_single3)
    1 source range, total size 0x13 (57% of destination):
           0x800'0f58  0x13
    1 destination range, total size 0x21:
          0x2000'0000  0x21



*******************************************************************************
*** MODULE SUMMARY
***

    Module                  ro code  ro data  rw data
    ------                  -------  -------  -------
command line/config:
    -------------------------------------------------
    Total:

D:\GIT\KURSACH_SIR_F103_OLED\EWARM\KURSACH_SIR_F100\Obj: [1]
    global.o                              10       17
    hd44780.o                   602
    main.o                      872
    startup_stm32f100xb.o       456
    stm32f1xx_hal.o             102        6       12
    stm32f1xx_hal_cortex.o      172
    stm32f1xx_hal_gpio.o        460
    stm32f1xx_hal_msp.o          68
    stm32f1xx_it.o              604
    stm32f1xx_ll_tim.o          148
    stm32f1xx_ll_utils.o         40
    system_stm32f1xx.o           80        3        4
    -------------------------------------------------
    Total:                    3'604       19       33

dl7M_tlf.a: [2]
    exit.o                        4
    low_level_init.o              4
    -------------------------------------------------
    Total:                        8

m7M_tl.a: [3]
    -------------------------------------------------
    Total:

rt7M_tl.a: [4]
    ABImemset.o                 102
    cexit.o                      10
    cmain.o                      30
    cstartup_M.o                 12
    data_init.o                  40
    memset.o                     20
    packbits_init_single.o       56
    -------------------------------------------------
    Total:                      270

shb_l.a: [5]
    exit.o                       20
    -------------------------------------------------
    Total:                       20

    Gaps                         10
    Linker created                        16    1'024
-----------------------------------------------------
    Grand Total:              3'912       35    1'057


*******************************************************************************
*** ENTRY LIST
***

Entry                       Address   Size  Type      Object
-----                       -------   ----  ----      ------
.iar.init_table$$Base    0x800'0e4c          --   Gb  - Linker created -
.iar.init_table$$Limit   0x800'0e5c          --   Gb  - Linker created -
?main                    0x800'0e5d         Code  Gb  cmain.o [4]
BusFault_Handler         0x800'0b75    0x2  Code  Gb  stm32f1xx_it.o [1]
CSTACK$$Base            0x2000'0028          --   Gb  - Linker created -
CSTACK$$Limit           0x2000'0428          --   Gb  - Linker created -
DebugMon_Handler         0x800'0b7b    0x2  Code  Gb  stm32f1xx_it.o [1]
Enable_Player1          0x2000'0010    0x2  Data  Gb  global.o [1]
Enable_Player2          0x2000'0012    0x2  Data  Gb  global.o [1]
HAL_GPIO_Init            0x800'04b5  0x182  Code  Gb  stm32f1xx_hal_gpio.o [1]
HAL_GPIO_ReadPin         0x800'0637    0xc  Code  Gb  stm32f1xx_hal_gpio.o [1]
HAL_GPIO_WritePin        0x800'0643    0x8  Code  Gb  stm32f1xx_hal_gpio.o [1]
HAL_IncTick              0x800'0d8d   0x10  Code  Wk  stm32f1xx_hal.o [1]
HAL_Init                 0x800'0489   0x16  Code  Gb  stm32f1xx_hal.o [1]
HAL_MspInit              0x800'0a85   0x44  Code  Gb  stm32f1xx_hal_msp.o [1]
HAL_NVIC_SetPriority     0x800'09cd   0x3a  Code  Gb  stm32f1xx_hal_cortex.o [1]
HAL_NVIC_SetPriorityGrouping
                         0x800'09b3   0x1a  Code  Gb  stm32f1xx_hal_cortex.o [1]
HAL_SYSTICK_Config       0x800'0a07   0x28  Code  Gb  stm32f1xx_hal_cortex.o [1]
HardFault_Handler        0x800'0b71    0x2  Code  Gb  stm32f1xx_it.o [1]
LL_APB1_GRP1_EnableClock
                         0x800'017f   0x16  Code  Lc  main.o [1]
LL_Init1msTick           0x800'0971   0x18  Code  Gb  stm32f1xx_ll_utils.o [1]
LL_SetSystemCoreClock    0x800'0989    0x6  Code  Gb  stm32f1xx_ll_utils.o [1]
LL_TIM_Init              0x800'0681   0x7c  Code  Gb  stm32f1xx_ll_tim.o [1]
MemManage_Handler        0x800'0b73    0x2  Code  Gb  stm32f1xx_it.o [1]
NMI_Handler              0x800'0b6f    0x2  Code  Gb  stm32f1xx_it.o [1]
NVIC_EnableIRQ           0x800'0121   0x12  Code  Lc  main.o [1]
NVIC_EncodePriority      0x800'014d   0x32  Code  Lc  main.o [1]
NVIC_SetPriority         0x800'0133   0x1a  Code  Lc  main.o [1]
NVIC_SetPriority         0x800'0999   0x1a  Code  Lc  stm32f1xx_hal_cortex.o [1]
PendSV_Handler           0x800'0b7d    0x2  Code  Gb  stm32f1xx_it.o [1]
Region$$Table$$Base      0x800'0e4c          --   Gb  - Linker created -
Region$$Table$$Limit     0x800'0e5c          --   Gb  - Linker created -
SVC_Handler              0x800'0b79    0x2  Code  Gb  stm32f1xx_it.o [1]
SysTick_Handler          0x800'0b7f    0x4  Code  Gb  stm32f1xx_it.o [1]
SystemClock_Config       0x800'03c5   0x62  Code  Gb  main.o [1]
SystemCoreClock         0x2000'000c    0x4  Data  Gb  system_stm32f1xx.o [1]
SystemInit               0x800'0d9d   0x40  Code  Gb  system_stm32f1xx.o [1]
T1_min                  0x2000'0014    0x2  Data  Gb  global.o [1]
T1_msec                 0x2000'0018    0x2  Data  Gb  global.o [1]
T1_sec                  0x2000'0016    0x2  Data  Gb  global.o [1]
T2_min                  0x2000'001a    0x2  Data  Gb  global.o [1]
T2_msec                 0x2000'001e    0x2  Data  Gb  global.o [1]
T2_sec                  0x2000'001c    0x2  Data  Gb  global.o [1]
TIM1_UP_TIM16_IRQHandler
                         0x800'0b83   0x86  Code  Gb  stm32f1xx_it.o [1]
TIM2_IRQHandler          0x800'0c23   0x78  Code  Gb  stm32f1xx_it.o [1]
TIM3_IRQHandler          0x800'0c9b   0x90  Code  Gb  stm32f1xx_it.o [1]
Timer                   0x2000'0020    0x1  Data  Gb  global.o [1]
UsageFault_Handler       0x800'0b77    0x2  Code  Gb  stm32f1xx_it.o [1]
__aeabi_memset           0x800'0ac9         Code  Gb  ABImemset.o [4]
__cmain                  0x800'0e5d         Code  Gb  cmain.o [4]
__exit                   0x800'0e91   0x14  Code  Gb  exit.o [5]
__iar_Memset             0x800'0ac9         Code  Gb  ABImemset.o [4]
__iar_Memset_word        0x800'0ad1         Code  Gb  ABImemset.o [4]
__iar_data_init3         0x800'0e25   0x28  Code  Gb  data_init.o [4]
__iar_packbits_init_single3
                         0x800'0ded   0x38  Code  Gb  packbits_init_single.o [4]
__iar_program_start      0x800'0eb5         Code  Gb  cstartup_M.o [4]
__low_level_init         0x800'0e7b    0x4  Code  Gb  low_level_init.o [2]
__vector_table           0x800'0000         Data  Gb  startup_stm32f100xb.o [1]
_call_main               0x800'0e69         Code  Gb  cmain.o [4]
_exit                    0x800'0e85         Code  Gb  cexit.o [4]
_main                    0x800'0e77         Code  Gb  cmain.o [4]
clockTime                0x800'0b31   0x3e  Code  Lc  stm32f1xx_it.o [1]
cursorShift              0x800'0849   0x1c  Code  Gb  hd44780.o [1]
exit                     0x800'0e7f    0x4  Code  Gb  exit.o [2]
lcd10usDelay             0x800'0715   0x24  Code  Lc  hd44780.o [1]
lcdClrScr                0x800'081f    0xa  Code  Gb  hd44780.o [1]
lcdGoto                  0x800'0865   0x3a  Code  Gb  hd44780.o [1]
lcdHigh                  0x800'0755   0x4c  Code  Lc  hd44780.o [1]
lcdInit                  0x800'090d   0x62  Code  Gb  hd44780.o [1]
lcdLow                   0x800'07a1   0x4c  Code  Lc  hd44780.o [1]
lcdPutc                  0x800'08ab   0x18  Code  Gb  hd44780.o [1]
lcdPuts                  0x800'08d1   0x3c  Code  Gb  hd44780.o [1]
lcdReturn                0x800'0829    0x8  Code  Gb  hd44780.o [1]
lcdSetMode               0x800'089f    0xc  Code  Gb  hd44780.o [1]
lcdStrobe                0x800'0739   0x1c  Code  Lc  hd44780.o [1]
lcdWrite                 0x800'0801   0x1e  Code  Lc  hd44780.o [1]
main                     0x800'0195  0x224  Code  Gb  main.o [1]
memset                   0x800'049f   0x14  Code  Gb  memset.o [4]
uwTick                  0x2000'0004    0x4  Data  Gb  stm32f1xx_hal.o [1]
uwTickFreq              0x2000'0000    0x1  Data  Gb  stm32f1xx_hal.o [1]
uwTickPrio              0x2000'0008    0x4  Data  Gb  stm32f1xx_hal.o [1]


[1] = D:\GIT\KURSACH_SIR_F103_OLED\EWARM\KURSACH_SIR_F100\Obj
[2] = dl7M_tlf.a
[3] = m7M_tl.a
[4] = rt7M_tl.a
[5] = shb_l.a

  3'912 bytes of readonly  code memory
     35 bytes of readonly  data memory
  1'057 bytes of readwrite data memory

Errors: none
Warnings: none
